
> @chrislyons-dev/archlette@0.1.0 test
> vitest run --reporter=verbose


[1m[46m RUN [49m[22m [36mv3.2.4 [39m[90mC:/Users/chris/git/archlette[39m
      [2mCoverage enabled with [22m[33mv8[39m

 [32mΓ£ô[39m test/docs/builtin/markdown-docs.test.ts[2m > [22mmarkdown-docs generator[2m > [22mmarkdownDocs[2m > [22mgenerates README.md system overview page[32m 148[2mms[22m[39m
 [32mΓ£ô[39m test/docs/builtin/markdown-docs.test.ts[2m > [22mmarkdown-docs generator[2m > [22mmarkdownDocs[2m > [22mgenerates individual component pages[32m 5[2mms[22m[39m
 [32mΓ£ô[39m test/docs/builtin/markdown-docs.test.ts[2m > [22mmarkdown-docs generator[2m > [22mmarkdownDocs[2m > [22mcreates output directory if it does not exist[32m 7[2mms[22m[39m
 [32mΓ£ô[39m test/docs/builtin/markdown-docs.test.ts[2m > [22mmarkdown-docs generator[2m > [22mmarkdownDocs[2m > [22mconfigures nunjucks with template directory[32m 8[2mms[22m[39m
 [32mΓ£ô[39m test/docs/builtin/markdown-docs.test.ts[2m > [22mmarkdown-docs generator[2m > [22mmarkdownDocs[2m > [22madds custom nunjucks filters[32m 6[2mms[22m[39m
 [32mΓ£ô[39m test/docs/builtin/markdown-docs.test.ts[2m > [22mmarkdown-docs generator[2m > [22mmarkdownDocs[2m > [22mrenders system page with IR data and diagrams[32m 6[2mms[22m[39m
 [32mΓ£ô[39m test/docs/builtin/markdown-docs.test.ts[2m > [22mmarkdown-docs generator[2m > [22mmarkdownDocs[2m > [22mrenders component pages with component-specific data[32m 6[2mms[22m[39m
 [32mΓ£ô[39m test/docs/builtin/markdown-docs.test.ts[2m > [22mmarkdown-docs generator[2m > [22mmarkdownDocs[2m > [22mfilters code items by component ID[32m 12[2mms[22m[39m
{"level":30,"time":"2025-10-20T09:57:48.739Z","pid":16864,"hostname":"ChrisAlien17R4","context":"CLI","msg":"Starting pipeline: extract ΓåÆ validate ΓåÆ generate ΓåÆ render ΓåÆ docs"}
{"level":30,"time":"2025-10-20T09:57:48.742Z","pid":16864,"hostname":"ChrisAlien17R4","context":"Extract","msg":"Starting extract stage"}
{"level":30,"time":"2025-10-20T09:57:48.743Z","pid":16864,"hostname":"ChrisAlien17R4","context":"Validate","msg":"Starting validate stage"}
{"level":30,"time":"2025-10-20T09:57:48.743Z","pid":16864,"hostname":"ChrisAlien17R4","context":"Generate","msg":"Starting generate stage"}
{"level":30,"time":"2025-10-20T09:57:48.744Z","pid":16864,"hostname":"ChrisAlien17R4","context":"Render","msg":"Starting render stage"}
{"level":30,"time":"2025-10-20T09:57:48.744Z","pid":16864,"hostname":"ChrisAlien17R4","context":"Docs","msg":"Starting docs stage"}
{"level":30,"time":"2025-10-20T09:57:48.741Z","pid":16864,"hostname":"ChrisAlien17R4","context":"CLI","msg":"Using config: /cfg/default.yaml"}
{"level":30,"time":"2025-10-20T09:57:48.745Z","pid":16864,"hostname":"ChrisAlien17R4","context":"CLI","msg":"Pipeline complete."}
 [32mΓ£ô[39m test/docs/builtin/markdown-docs.test.ts[2m > [22mmarkdown-docs generator[2m > [22mmarkdownDocs[2m > [22mupdates pipeline state with generated files[32m 7[2mms[22m[39m
 [32mΓ£ô[39m test/docs/builtin/markdown-docs.test.ts[2m > [22mmarkdown-docs generator[2m > [22mmarkdownDocs[2m > [22minitializes docOutputs array if undefined[32m 7[2mms[22m[39m
 [32mΓ£ô[39m test/docs/builtin/markdown-docs.test.ts[2m > [22mmarkdown-docs generator[2m > [22mmarkdownDocs[2m > [22mprefers validatedIR over aggregatedIR[32m 6[2mms[22m[39m
 [32mΓ£ô[39m test/docs/builtin/markdown-docs.test.ts[2m > [22mmarkdown-docs generator[2m > [22mmarkdownDocs[2m > [22mthrows error when no IR data found[32m 10[2mms[22m[39m
 [32mΓ£ô[39m test/docs/builtin/markdown-docs.test.ts[2m > [22mmarkdown-docs generator[2m > [22mmarkdownDocs[2m > [22mlogs progress information[32m 7[2mms[22m[39m
 [32mΓ£ô[39m test/docs/builtin/markdown-docs.test.ts[2m > [22mmarkdown-docs generator[2m > [22mmarkdownDocs[2m > [22mlogs debug information about IR and renderers[32m 6[2mms[22m[39m
 [32mΓ£ô[39m test/docs/builtin/markdown-docs.test.ts[2m > [22mmarkdown-docs generator[2m > [22mmarkdownDocs[2m > [22mhandles empty renderer outputs gracefully[32m 6[2mms[22m[39m
 [32mΓ£ô[39m test/docs/builtin/markdown-docs.test.ts[2m > [22mmarkdown-docs generator[2m > [22mmarkdownDocs[2m > [22mhandles undefined renderer outputs gracefully[32m 6[2mms[22m[39m
 [32mΓ£ô[39m test/docs/builtin/markdown-docs.test.ts[2m > [22mmarkdown-docs generator[2m > [22mmarkdownDocs[2m > [22mlooks for diagrams in render_out directory[32m 6[2mms[22m[39m
 [32mΓ£ô[39m test/docs/builtin/markdown-docs.test.ts[2m > [22mmarkdown-docs generator[2m > [22mcustom nunjucks filters[2m > [22mkebabCase filter converts strings to kebab-case[32m 5[2mms[22m[39m
 [32mΓ£ô[39m test/docs/builtin/markdown-docs.test.ts[2m > [22mmarkdown-docs generator[2m > [22mcustom nunjucks filters[2m > [22mforwardSlashes filter converts backslashes to forward slashes[32m 5[2mms[22m[39m
 [32mΓ£ô[39m test/docs/builtin/markdown-docs.test.ts[2m > [22mmarkdown-docs generator[2m > [22mcustom nunjucks filters[2m > [22mdate filter formats dates correctly[32m 6[2mms[22m[39m
 [32mΓ£ô[39m test/docs/builtin/markdown-docs.test.ts[2m > [22mmarkdown-docs generator[2m > [22mcustom nunjucks filters[2m > [22mselectattr filter filters array by attribute value[32m 6[2mms[22m[39m
 [32mΓ£ô[39m test/docs/builtin/markdown-docs.test.ts[2m > [22mmarkdown-docs generator[2m > [22mcustom nunjucks filters[2m > [22mmap filter extracts attribute values from array[32m 5[2mms[22m[39m
 [32mΓ£ô[39m test/docs/builtin/markdown-docs.test.ts[2m > [22mmarkdown-docs generator[2m > [22mcustom nunjucks filters[2m > [22mfirst filter returns first element of array[32m 6[2mms[22m[39m
 [32mΓ£ô[39m test/docs/builtin/markdown-docs.test.ts[2m > [22mmarkdown-docs generator[2m > [22mdiagram finding logic[2m > [22mfinds system context diagrams[32m 7[2mms[22m[39m
 [32mΓ£ô[39m test/docs/builtin/markdown-docs.test.ts[2m > [22mmarkdown-docs generator[2m > [22mdiagram finding logic[2m > [22mfinds container diagrams[32m 6[2mms[22m[39m
{"level":30,"time":"2025-10-20T09:57:48.769Z","pid":16864,"hostname":"ChrisAlien17R4","context":"CLI","msg":"Starting pipeline: extract ΓåÆ validate ΓåÆ generate ΓåÆ render ΓåÆ docs"}
{"level":30,"time":"2025-10-20T09:57:48.769Z","pid":16864,"hostname":"ChrisAlien17R4","context":"Extract","msg":"Starting extract stage"}
{"level":30,"time":"2025-10-20T09:57:48.770Z","pid":16864,"hostname":"ChrisAlien17R4","context":"Validate","msg":"Starting validate stage"}
{"level":30,"time":"2025-10-20T09:57:48.770Z","pid":16864,"hostname":"ChrisAlien17R4","context":"Generate","msg":"Starting generate stage"}
{"level":30,"time":"2025-10-20T09:57:48.771Z","pid":16864,"hostname":"ChrisAlien17R4","context":"Render","msg":"Starting render stage"}
{"level":30,"time":"2025-10-20T09:57:48.771Z","pid":16864,"hostname":"ChrisAlien17R4","context":"Docs","msg":"Starting docs stage"}
{"level":30,"time":"2025-10-20T09:57:48.769Z","pid":16864,"hostname":"ChrisAlien17R4","context":"CLI","msg":"Using config: /cfg/default.yaml"}
{"level":30,"time":"2025-10-20T09:57:48.771Z","pid":16864,"hostname":"ChrisAlien17R4","context":"CLI","msg":"Pipeline complete."}
{"level":30,"time":"2025-10-20T09:57:48.789Z","pid":16864,"hostname":"ChrisAlien17R4","context":"CLI","msg":"Starting pipeline: extract ΓåÆ validate ΓåÆ generate"}
{"level":30,"time":"2025-10-20T09:57:48.790Z","pid":16864,"hostname":"ChrisAlien17R4","context":"Extract","msg":"Starting extract stage"}
{"level":30,"time":"2025-10-20T09:57:48.790Z","pid":16864,"hostname":"ChrisAlien17R4","context":"Validate","msg":"Starting validate stage"}
{"level":30,"time":"2025-10-20T09:57:48.790Z","pid":16864,"hostname":"ChrisAlien17R4","context":"Generate","msg":"Starting generate stage"}
{"level":30,"time":"2025-10-20T09:57:48.789Z","pid":16864,"hostname":"ChrisAlien17R4","context":"CLI","msg":"Using config: /cfg/default.yaml"}
{"level":30,"time":"2025-10-20T09:57:48.791Z","pid":16864,"hostname":"ChrisAlien17R4","context":"CLI","msg":"Pipeline complete."}
{"level":30,"time":"2025-10-20T09:57:48.811Z","pid":16864,"hostname":"ChrisAlien17R4","context":"CLI","msg":"Starting pipeline: extract ΓåÆ validate ΓåÆ generate ΓåÆ render ΓåÆ docs"}
{"level":30,"time":"2025-10-20T09:57:48.812Z","pid":16864,"hostname":"ChrisAlien17R4","context":"Extract","msg":"Starting extract stage"}
{"level":30,"time":"2025-10-20T09:57:48.812Z","pid":16864,"hostname":"ChrisAlien17R4","context":"Validate","msg":"Starting validate stage"}
{"level":30,"time":"2025-10-20T09:57:48.813Z","pid":16864,"hostname":"ChrisAlien17R4","context":"Generate","msg":"Starting generate stage"}
{"level":30,"time":"2025-10-20T09:57:48.813Z","pid":16864,"hostname":"ChrisAlien17R4","context":"Render","msg":"Starting render stage"}
{"level":30,"time":"2025-10-20T09:57:48.814Z","pid":16864,"hostname":"ChrisAlien17R4","context":"Docs","msg":"Starting docs stage"}
{"level":30,"time":"2025-10-20T09:57:48.811Z","pid":16864,"hostname":"ChrisAlien17R4","context":"CLI","msg":"Using config: /cfg/default.yaml"}
{"level":30,"time":"2025-10-20T09:57:48.814Z","pid":16864,"hostname":"ChrisAlien17R4","context":"CLI","msg":"Pipeline complete."}
 [32mΓ£ô[39m test/docs/builtin/markdown-docs.test.ts[2m > [22mmarkdown-docs generator[2m > [22mdiagram finding logic[2m > [22mfinds component diagrams[32m 5[2mms[22m[39m
 [32mΓ£ô[39m test/docs/builtin/markdown-docs.test.ts[2m > [22mmarkdown-docs generator[2m > [22mdiagram finding logic[2m > [22mfinds class diagrams for components[32m 6[2mms[22m[39m
 [32mΓ£ô[39m test/docs/builtin/markdown-docs.test.ts[2m > [22mmarkdown-docs generator[2m > [22mdiagram finding logic[2m > [22mskips non-existent diagrams[32m 8[2mms[22m[39m
 [32mΓ£ô[39m test/docs/builtin/markdown-docs.test.ts[2m > [22mmarkdown-docs generator[2m > [22mdiagram finding logic[2m > [22mfilters out non-PNG renderer outputs[32m 5[2mms[22m[39m
 [32mΓ£ô[39m test/docs/builtin/markdown-docs.test.ts[2m > [22mmarkdown-docs generator[2m > [22medge cases[2m > [22mhandles components without container[32m 6[2mms[22m[39m
 [32mΓ£ô[39m test/docs/builtin/markdown-docs.test.ts[2m > [22mmarkdown-docs generator[2m > [22medge cases[2m > [22mhandles components with no code items[32m 6[2mms[22m[39m
 [32mΓ£ô[39m test/docs/builtin/markdown-docs.test.ts[2m > [22mmarkdown-docs generator[2m > [22medge cases[2m > [22mhandles zero components[32m 5[2mms[22m[39m
 [32mΓ£ô[39m test/docs/builtin/markdown-docs.test.ts[2m > [22mmarkdown-docs generator[2m > [22medge cases[2m > [22mhandles component IDs with special characters[32m 5[2mms[22m[39m
{"level":30,"time":"2025-10-20T09:57:48.851Z","pid":16864,"hostname":"ChrisAlien17R4","context":"CLI","msg":"Starting pipeline: extract"}
{"level":30,"time":"2025-10-20T09:57:48.852Z","pid":16864,"hostname":"ChrisAlien17R4","context":"Extract","msg":"Starting extract stage"}
 [32mΓ£ô[39m test/cli.test.ts[2m > [22mCLI stage selection & order[2m > [22mruns full pipeline for "all"[32m 290[2mms[22m[39m
 [32mΓ£ô[39m test/cli.test.ts[2m > [22mCLI stage selection & order[2m > [22mruns full pipeline for "docs" alias[32m 21[2mms[22m[39m
 [32mΓ£ô[39m test/cli.test.ts[2m > [22mCLI stage selection & order[2m > [22mruns only the requested single stage[32m 19[2mms[22m[39m
 [32mΓ£ô[39m test/cli.test.ts[2m > [22mCLI YAML handling & resolution[2m > [22muses default templates/default.yaml when -f not provided[32m 31[2mms[22m[39m
{"level":30,"time":"2025-10-20T09:57:48.851Z","pid":16864,"hostname":"ChrisAlien17R4","context":"CLI","msg":"Using config: /cfg/custom.yaml"}
{"level":30,"time":"2025-10-20T09:57:48.852Z","pid":16864,"hostname":"ChrisAlien17R4","context":"CLI","msg":"Pipeline complete."}
{"level":30,"time":"2025-10-20T09:57:48.882Z","pid":16864,"hostname":"ChrisAlien17R4","context":"CLI","msg":"Starting pipeline: extract"}
{"level":30,"time":"2025-10-20T09:57:48.883Z","pid":16864,"hostname":"ChrisAlien17R4","context":"Extract","msg":"Starting extract stage"}
{"level":30,"time":"2025-10-20T09:57:48.883Z","pid":16864,"hostname":"ChrisAlien17R4","context":"CLI","msg":"No config file found (looked for: /does/not/exist.yaml). Proceeding."}
{"level":30,"time":"2025-10-20T09:57:48.883Z","pid":16864,"hostname":"ChrisAlien17R4","context":"CLI","msg":"Pipeline complete."}
{"level":30,"time":"2025-10-20T09:57:48.929Z","pid":16864,"hostname":"ChrisAlien17R4","context":"CLI","msg":"Starting pipeline: extract"}
{"level":30,"time":"2025-10-20T09:57:48.929Z","pid":16864,"hostname":"ChrisAlien17R4","context":"Extract","msg":"Starting extract stage"}
{"level":30,"time":"2025-10-20T09:57:48.929Z","pid":16864,"hostname":"ChrisAlien17R4","context":"CLI","msg":"Using config: /cfg/default.yaml"}
{"level":30,"time":"2025-10-20T09:57:48.929Z","pid":16864,"hostname":"ChrisAlien17R4","context":"CLI","msg":"Pipeline complete."}
 [32mΓ£ô[39m test/cli.test.ts[2m > [22mCLI YAML handling & resolution[2m > [22mhonors -f <yaml> with tilde expansion[32m 32[2mms[22m[39m
 [32mΓ£ô[39m test/cli.test.ts[2m > [22mCLI YAML handling & resolution[2m > [22mproceeds with empty config if file does not exist[32m 30[2mms[22m[39m
 [32mΓ£ô[39m test/cli.test.ts[2m > [22mCLI YAML handling & resolution[2m > [22mfails when passed an unknown option[32m 20[2mms[22m[39m
 [31m├ù[39m test/cli.test.ts[2m > [22mCLI YAML handling & resolution[2m > [22mlogs "Using config:" when the YAML file exists[32m 47[2mms[22m[39m
[31m   ΓåÆ expected false to be true // Object.is equality[39m
{"level":30,"time":"2025-10-20T09:57:48.967Z","pid":16864,"hostname":"ChrisAlien17R4","context":"CLI","msg":"Starting pipeline: extract"}
{"level":30,"time":"2025-10-20T09:57:48.967Z","pid":16864,"hostname":"ChrisAlien17R4","context":"Extract","msg":"Starting extract stage"}
{"level":30,"time":"2025-10-20T09:57:48.967Z","pid":16864,"hostname":"ChrisAlien17R4","context":"CLI","msg":"No config file found (looked for: /cfg/default.yaml). Proceeding."}
{"level":30,"time":"2025-10-20T09:57:48.967Z","pid":16864,"hostname":"ChrisAlien17R4","context":"CLI","msg":"Pipeline complete."}
 [32mΓ£ô[39m test/extractors/builtin/basic-wrangler/file-finder.test.ts[2m > [22mfile-finder[2m > [22mfindWranglerFiles[2m > [22mshould find wrangler.toml files with default patterns[32m 196[2mms[22m[39m
{"level":30,"time":"2025-10-20T09:57:48.985Z","pid":16864,"hostname":"ChrisAlien17R4","context":"CLI","msg":"Starting pipeline: extract"}
{"level":30,"time":"2025-10-20T09:57:48.985Z","pid":16864,"hostname":"ChrisAlien17R4","context":"Extract","msg":"Starting extract stage"}
{"level":30,"time":"2025-10-20T09:57:48.985Z","pid":16864,"hostname":"ChrisAlien17R4","context":"CLI","msg":"No config file found (looked for: /cfg/default.yaml). Proceeding."}
{"level":30,"time":"2025-10-20T09:57:48.985Z","pid":16864,"hostname":"ChrisAlien17R4","context":"CLI","msg":"Pipeline complete."}
{"level":30,"time":"2025-10-20T09:57:49.003Z","pid":16864,"hostname":"ChrisAlien17R4","context":"CLI","msg":"Starting pipeline: extract"}
{"level":30,"time":"2025-10-20T09:57:49.003Z","pid":16864,"hostname":"ChrisAlien17R4","context":"Extract","msg":"Starting extract stage"}
{"level":30,"time":"2025-10-20T09:57:49.003Z","pid":16864,"hostname":"ChrisAlien17R4","context":"CLI","msg":"No config file found (looked for: /cfg/default.yaml). Proceeding."}
{"level":30,"time":"2025-10-20T09:57:49.004Z","pid":16864,"hostname":"ChrisAlien17R4","context":"CLI","msg":"Pipeline complete."}
{"level":30,"time":"2025-10-20T09:57:49.003Z","pid":16864,"hostname":"ChrisAlien17R4","context":"Extract","msg":"No exported function in /fake/extract/index.ts; assuming side-effect execution on import."}
{"level":30,"time":"2025-10-20T09:57:49.049Z","pid":16864,"hostname":"ChrisAlien17R4","context":"CLI","msg":"Starting pipeline: extract"}
{"level":30,"time":"2025-10-20T09:57:49.049Z","pid":16864,"hostname":"ChrisAlien17R4","context":"Extract","msg":"Starting extract stage"}
 [31m├ù[39m test/cli.test.ts[2m > [22mCLI YAML handling & resolution[2m > [22mlogs "No config file found" when YAML is missing[32m 18[2mms[22m[39m
[31m   ΓåÆ expected undefined to be truthy[39m
 [32mΓ£ô[39m test/cli.test.ts[2m > [22mCLI YAML handling & resolution[2m > [22minvokes a stage module default export when present[32m 17[2mms[22m[39m
 [31m├ù[39m test/cli.test.ts[2m > [22mCLI YAML handling & resolution[2m > [22mlogs a debug notice if a stage module exports no callable entry[32m 19[2mms[22m[39m
[31m   ΓåÆ expected undefined to be truthy[39m
 [32mΓ£ô[39m test/cli.test.ts[2m > [22mCLI errors[2m > [22mexits on invalid stage[32m 14[2mms[22m[39m
 [32mΓ£ô[39m test/cli.test.ts[2m > [22mCLI errors[2m > [22mexits on missing -f value[32m 13[2mms[22m[39m
{"level":30,"time":"2025-10-20T09:57:49.049Z","pid":16864,"hostname":"ChrisAlien17R4","context":"CLI","msg":"No config file found (looked for: /cfg/default.yaml). Proceeding."}
{"level":50,"time":"2025-10-20T09:57:49.053Z","pid":16864,"hostname":"ChrisAlien17R4","context":"Extract","args":["Error: boom\n    at C:\\Users\\chris\\git\\archlette\\test\\cli.test.ts:327:13\n    at mockCall (file:///C:/Users/chris/git/archlette/node_modules/@vitest/spy/dist/index.js:96:15)\n    at spy (file:///C:/Users/chris/git/archlette/node_modules/tinyspy/dist/index.js:47:80)\n    at run (C:\\Users\\chris\\git\\archlette\\src\\cli.ts:206:15)\n    at processTicksAndRejections (node:internal/process/task_queues:105:5)"],"msg":"Stage failed:"}
 [31m├ù[39m test/cli.test.ts[2m > [22mCLI errors[2m > [22mexits if a stage throws[32m 25[2mms[22m[39m
[31m   ΓåÆ expected "error" to be called at least once[39m
 [32mΓ£ô[39m test/extractors/builtin/basic-wrangler/file-finder.test.ts[2m > [22mfile-finder[2m > [22mfindWranglerFiles[2m > [22mshould find files with custom include patterns[32m 16[2mms[22m[39m
 [32mΓ£ô[39m test/extractors/builtin/basic-wrangler/file-finder.test.ts[2m > [22mfile-finder[2m > [22mfindWranglerFiles[2m > [22mshould exclude files matching exclude patterns[32m 11[2mms[22m[39m
 [32mΓ£ô[39m test/extractors/builtin/basic-wrangler/file-finder.test.ts[2m > [22mfile-finder[2m > [22mfindWranglerFiles[2m > [22mshould return absolute paths[32m 4[2mms[22m[39m
 [32mΓ£ô[39m test/extractors/builtin/basic-wrangler/file-finder.test.ts[2m > [22mfile-finder[2m > [22mfindWranglerFiles[2m > [22mshould return empty array when no files match[32m 9[2mms[22m[39m
 [32mΓ£ô[39m test/extractors/builtin/basic-wrangler/file-finder.test.ts[2m > [22mfile-finder[2m > [22mfindWranglerFiles[2m > [22mshould find files in nested directories[32m 37[2mms[22m[39m
 [32mΓ£ô[39m test/extractors/builtin/basic-wrangler/file-finder.test.ts[2m > [22mfile-finder[2m > [22mfindWranglerFiles[2m > [22mshould handle multiple include patterns[32m 8[2mms[22m[39m
 [32mΓ£ô[39m test/extractors/builtin/basic-wrangler/file-finder.test.ts[2m > [22mfile-finder[2m > [22mfindWranglerFiles[2m > [22mshould only return files, not directories[32m 5[2mms[22m[39m
 [32mΓ£ô[39m test/extractors/builtin/basic-wrangler/file-finder.test.ts[2m > [22mfile-finder[2m > [22mfindWranglerFiles[2m > [22mshould handle glob patterns with wildcards[32m 8[2mms[22m[39m
 [32mΓ£ô[39m test/extractors/builtin/basic-wrangler/file-finder.test.ts[2m > [22mfile-finder[2m > [22mfindWranglerFiles[2m > [22mshould work with Windows-style paths[32m 14[2mms[22m[39m
 [32mΓ£ô[39m test/renderers/builtin/structurizr-export.test.ts[2m > [22mstructurizr-export renderer[2m > [22mexports DSL to PlantUML and Mermaid formats[32m 262[2mms[22m[39m
 [32mΓ£ô[39m test/renderers/builtin/structurizr-export.test.ts[2m > [22mstructurizr-export renderer[2m > [22mthrows error when Java is not available[32m 6[2mms[22m[39m
 [32mΓ£ô[39m test/renderers/builtin/structurizr-export.test.ts[2m > [22mstructurizr-export renderer[2m > [22mthrows error when DSL file does not exist[32m 3[2mms[22m[39m
 [32mΓ£ô[39m test/renderers/builtin/structurizr-export.test.ts[2m > [22mstructurizr-export renderer[2m > [22mthrows error when PlantUML export fails[32m 3[2mms[22m[39m
 [32mΓ£ô[39m test/renderers/builtin/structurizr-export.test.ts[2m > [22mstructurizr-export renderer[2m > [22mthrows error when Mermaid export fails[32m 7[2mms[22m[39m
 [32mΓ£ô[39m test/renderers/builtin/structurizr-export.test.ts[2m > [22mstructurizr-export renderer[2m > [22mhandles empty output directories[32m 2[2mms[22m[39m
 [32mΓ£ô[39m test/renderers/builtin/structurizr-export.test.ts[2m > [22mstructurizr-export renderer[2m > [22minitializes rendererOutputs array if not present[32m 3[2mms[22m[39m
 [32mΓ£ô[39m test/renderers/builtin/structurizr-export.test.ts[2m > [22mstructurizr-export renderer[2m > [22mappends to existing rendererOutputs array[32m 2[2mms[22m[39m
 [32mΓ£ô[39m test/renderers/builtin/structurizr-export.test.ts[2m > [22mstructurizr-export renderer[2m > [22mlogs progress messages[32m 3[2mms[22m[39m
[90mstdout[2m | test/extractors/builtin/basic-node.test.ts[2m > [22m[2mbasic-node extractor[2m > [22m[2mshould extract classes and functions
[22m[39mTest directory: C:\Users\chris\git\archlette\test-temp
Test file: C:\Users\chris\git\archlette\test-temp\sample.ts
Pattern: C:/Users/chris/git/archlette/test-temp/*.ts

 [32mΓ£ô[39m test/4-render/index.test.ts[2m > [22mrender stage[2m > [22mruns configured renderers sequentially[33m 326[2mms[22m[39m
 [32mΓ£ô[39m test/4-render/index.test.ts[2m > [22mrender stage[2m > [22minvokes each renderer with context and node[32m 10[2mms[22m[39m
 [32mΓ£ô[39m test/4-render/index.test.ts[2m > [22mrender stage[2m > [22minitializes rendererOutputs array[32m 2[2mms[22m[39m
 [32mΓ£ô[39m test/4-render/index.test.ts[2m > [22mrender stage[2m > [22mreturns early when no generator outputs found[32m 2[2mms[22m[39m
 [32mΓ£ô[39m test/4-render/index.test.ts[2m > [22mrender stage[2m > [22mreturns early when no renderers configured[32m 2[2mms[22m[39m
 [32mΓ£ô[39m test/4-render/index.test.ts[2m > [22mrender stage[2m > [22mthrows error when renderer fails[32m 6[2mms[22m[39m
 [32mΓ£ô[39m test/4-render/index.test.ts[2m > [22mrender stage[2m > [22mstops processing when a renderer fails[32m 2[2mms[22m[39m
 [32mΓ£ô[39m test/4-render/index.test.ts[2m > [22mrender stage[2m > [22mlogs summary with file counts[32m 5[2mms[22m[39m
 [32mΓ£ô[39m test/4-render/index.test.ts[2m > [22mrender stage[2m > [22mhandles zero files in summary[32m 2[2mms[22m[39m
 [32mΓ£ô[39m test/4-render/index.test.ts[2m > [22mrender stage[2m > [22mlogs renderer module resolution[32m 2[2mms[22m[39m
 [32mΓ£ô[39m test/4-render/index.test.ts[2m > [22mrender stage[2m > [22mlogs renderer completion[32m 2[2mms[22m[39m
 [32mΓ£ô[39m test/4-render/index.test.ts[2m > [22mrender stage[2m > [22mprocesses renderers in order[32m 3[2mms[22m[39m
 [32mΓ£ô[39m test/core/tool-manager.test.ts[2m > [22mtool-manager[2m > [22mgetCacheDir[2m > [22mreturns cache directory path in user home[32m 13[2mms[22m[39m
 [32mΓ£ô[39m test/core/tool-manager.test.ts[2m > [22mtool-manager[2m > [22mcheckJava[2m > [22mreturns version string when Java is available[32m 4[2mms[22m[39m
 [32mΓ£ô[39m test/core/tool-manager.test.ts[2m > [22mtool-manager[2m > [22mcheckJava[2m > [22mreturns version string for Oracle Java[32m 3[2mms[22m[39m
 [32mΓ£ô[39m test/core/tool-manager.test.ts[2m > [22mtool-manager[2m > [22mcheckJava[2m > [22mreturns null when Java is not available[32m 3[2mms[22m[39m
 [32mΓ£ô[39m test/core/tool-manager.test.ts[2m > [22mtool-manager[2m > [22mcheckJava[2m > [22mreturns null when execSync throws[32m 5[2mms[22m[39m
 [32mΓ£ô[39m test/core/tool-manager.test.ts[2m > [22mtool-manager[2m > [22mcheckJava[2m > [22mreturns null when output is empty[32m 3[2mms[22m[39m
 [32mΓ£ô[39m test/core/tool-manager.test.ts[2m > [22mtool-manager[2m > [22mrequireJava[2m > [22mdoes not throw when Java is available[32m 6[2mms[22m[39m
 [32mΓ£ô[39m test/core/tool-manager.test.ts[2m > [22mtool-manager[2m > [22mrequireJava[2m > [22mthrows error with installation instructions when Java is not available[32m 4[2mms[22m[39m
 [32mΓ£ô[39m test/core/tool-manager.test.ts[2m > [22mtool-manager[2m > [22mfindStructurizrCLI[2m > [22mreturns system PATH location when found[32m 7[2mms[22m[39m
 [32mΓ£ô[39m test/core/tool-manager.test.ts[2m > [22mtool-manager[2m > [22mfindStructurizrCLI[2m > [22muses structurizr.bat on Windows[32m 4[2mms[22m[39m
 [32mΓ£ô[39m test/core/tool-manager.test.ts[2m > [22mtool-manager[2m > [22mfindStructurizrCLI[2m > [22mreturns cached location when found in cache[32m 4[2mms[22m[39m
 [32mΓ£ô[39m test/core/tool-manager.test.ts[2m > [22mtool-manager[2m > [22mfindStructurizrCLI[2m > [22mdownloads when not found in PATH or cache[32m 67[2mms[22m[39m
 [32mΓ£ô[39m test/core/tool-manager.test.ts[2m > [22mtool-manager[2m > [22mfindStructurizrCLI[2m > [22mhandles download failures gracefully[32m 16[2mms[22m[39m
 [32mΓ£ô[39m test/core/tool-manager.test.ts[2m > [22mtool-manager[2m > [22mfindPlantUML[2m > [22mreturns system PATH location when found[32m 15[2mms[22m[39m
 [32mΓ£ô[39m test/core/tool-manager.test.ts[2m > [22mtool-manager[2m > [22mfindPlantUML[2m > [22mreturns cached JAR location when found in cache[32m 9[2mms[22m[39m
 [32mΓ£ô[39m test/core/tool-manager.test.ts[2m > [22mtool-manager[2m > [22mfindPlantUML[2m > [22mdownloads when not found in PATH or cache[32m 8[2mms[22m[39m
 [32mΓ£ô[39m test/core/tool-manager.test.ts[2m > [22mtool-manager[2m > [22mfindPlantUML[2m > [22mskips download if JAR already exists in cache[32m 3[2mms[22m[39m
 [32mΓ£ô[39m test/core/tool-manager.test.ts[2m > [22mtool-manager[2m > [22mfindPlantUML[2m > [22mhandles download failures gracefully[32m 13[2mms[22m[39m
 [32mΓ£ô[39m test/core/tool-manager.test.ts[2m > [22mtool-manager[2m > [22mfindPlantUML[2m > [22mhandles HTTP redirects (301)[32m 35[2mms[22m[39m
 [32mΓ£ô[39m test/core/tool-manager.test.ts[2m > [22mtool-manager[2m > [22mfindPlantUML[2m > [22mhandles HTTP error status codes[32m 4[2mms[22m[39m
 [32mΓ£ô[39m test/core/tool-manager.test.ts[2m > [22mtool-manager[2m > [22medge cases[2m > [22mhandles Windows platform for Structurizr detection[32m 8[2mms[22m[39m
 [32mΓ£ô[39m test/core/tool-manager.test.ts[2m > [22mtool-manager[2m > [22medge cases[2m > [22mcreates cache directory if it does not exist[32m 3[2mms[22m[39m
 [32mΓ£ô[39m test/core/tool-manager.test.ts[2m > [22mtool-manager[2m > [22medge cases[2m > [22mhandles chmod on Unix platforms[32m 6[2mms[22m[39m
 [32mΓ£ô[39m test/core/tool-manager.test.ts[2m > [22mtool-manager[2m > [22medge cases[2m > [22mdoes not call chmod on Windows[32m 47[2mms[22m[39m
 [32mΓ£ô[39m test/extractors/builtin/basic-wrangler/wrangler-parser.test.ts[2m > [22mwrangler-parser[2m > [22mparseWranglerFile[2m > [22mshould parse minimal wrangler.toml file[32m 11[2mms[22m[39m
 [32mΓ£ô[39m test/extractors/builtin/basic-wrangler/wrangler-parser.test.ts[2m > [22mwrangler-parser[2m > [22mparseWranglerFile[2m > [22mshould parse wrangler.toml with service bindings[32m 8[2mms[22m[39m
 [32mΓ£ô[39m test/extractors/builtin/basic-wrangler/wrangler-parser.test.ts[2m > [22mwrangler-parser[2m > [22mparseWranglerFile[2m > [22mshould parse wrangler.toml with KV bindings[32m 45[2mms[22m[39m
 [32mΓ£ô[39m test/extractors/builtin/basic-wrangler/wrangler-parser.test.ts[2m > [22mwrangler-parser[2m > [22mparseWranglerFile[2m > [22mshould parse wrangler.toml with R2 bindings[32m 4[2mms[22m[39m
 [32mΓ£ô[39m test/extractors/builtin/basic-wrangler/wrangler-parser.test.ts[2m > [22mwrangler-parser[2m > [22mparseWranglerFile[2m > [22mshould parse wrangler.toml with D1 bindings[32m 4[2mms[22m[39m
 [32mΓ£ô[39m test/extractors/builtin/basic-wrangler/wrangler-parser.test.ts[2m > [22mwrangler-parser[2m > [22mparseWranglerFile[2m > [22mshould parse wrangler.toml with Durable Object bindings[32m 4[2mms[22m[39m
 [32mΓ£ô[39m test/extractors/builtin/basic-wrangler/wrangler-parser.test.ts[2m > [22mwrangler-parser[2m > [22mparseWranglerFile[2m > [22mshould parse wrangler.toml with queue bindings[32m 3[2mms[22m[39m
 [32mΓ£ô[39m test/extractors/builtin/basic-wrangler/wrangler-parser.test.ts[2m > [22mwrangler-parser[2m > [22mparseWranglerFile[2m > [22mshould parse wrangler.toml with vars[32m 3[2mms[22m[39m
node.exe : [90mstderr[2m | 
test/extractors/builtin/basic-wrangler/wrangler-parser.test.ts[2m > 
[22m[2mwrangler-parser[2m > [22m[2mparseWranglerFile[2m > [22m[2mshould 
throw error for invalid TOML
At line:1 char:1
+ & "C:\Program Files\nodejs/node.exe" "C:\Users\chris\AppData\Roaming\ ...
+ ~~~~~~~~~~~~~~~~~~~~~~~~~~~~~~~~~~~~~~~~~~~~~~~~~~~~~~~~~~~~~~~~~~~~~
    + CategoryInfo          : NotSpecified: ([90mstderr[2m...or invalid TOML:St 
   ring) [], RemoteException
    + FullyQualifiedErrorId : NativeCommandError
 
[22m[39mError parsing C:\Users\chris\git\archlette\test-tmp\invalid.toml: 
TomlError: Invalid TOML document: incomplete key-value: cannot find end of key

1:  invalid [ toml content
    ^

    at parseKey [90m(file:///C:/Users/chris/git/archlette/[39mnode_modules/[4ms
mol-toml[24m/dist/struct.js:38:15[90m)[39m
    at parse [90m(file:///C:/Users/chris/git/archlette/[39mnode_modules/[4msmol
-toml[24m/dist/parse.js:126:21[90m)[39m
    at parseWranglerFile [90m(C:\Users\chris\git\archlette\[39msrc\extractors\bu
iltin\basic-wrangler\wrangler-parser.ts:26:20[90m)[39m
    at [90mC:\Users\chris\git\archlette\[39mtest\extractors\builtin\basic-wrangl
er\wrangler-parser.test.ts:296:20
    at [90mfile:///C:/Users/chris/git/archlette/[39mnode_modules/[4m@vitest/run
ner[24m/dist/chunk-hooks.js:155:11
    at [90mfile:///C:/Users/chris/git/archlette/[39mnode_modules/[4m@vitest/run
ner[24m/dist/chunk-hooks.js:752:26
    at [90mfile:///C:/Users/chris/git/archlette/[39mnode_modules/[4m@vitest/run
ner[24m/dist/chunk-hooks.js:1897:20
    at new Promise (<anonymous>)
    at runWithTimeout [90m(file:///C:/Users/chris/git/archlette/[39mnode_modules
/[4m@vitest/runner[24m/dist/chunk-hooks.js:1863:10[90m)[39m
    at runTest [90m(file:///C:/Users/chris/git/archlette/[39mnode_modules/[4m@v
itest/runner[24m/dist/chunk-hooks.js:1574:12[90m)[39m {
  line: [33m1[39m,
  column: [33m1[39m,
  codeblock: [32m'1:  invalid [ toml content\n    ^\n'[39m
}

 [32mΓ£ô[39m test/extractors/builtin/basic-wrangler/wrangler-parser.test.ts[2m > [22mwrangler-parser[2m > [22mparseWranglerFile[2m > [22mshould parse wrangler.toml with routes and triggers[32m 20[2mms[22m[39m
 [32mΓ£ô[39m test/extractors/builtin/basic-wrangler/wrangler-parser.test.ts[2m > [22mwrangler-parser[2m > [22mparseWranglerFile[2m > [22mshould parse wrangler.toml with multiple environments[32m 6[2mms[22m[39m
 [32mΓ£ô[39m test/extractors/builtin/basic-wrangler/wrangler-parser.test.ts[2m > [22mwrangler-parser[2m > [22mparseWranglerFile[2m > [22mshould throw error for invalid TOML[32m 60[2mms[22m[39m
 [32mΓ£ô[39m test/extractors/builtin/basic-wrangler/wrangler-parser.test.ts[2m > [22mwrangler-parser[2m > [22mparseWranglerFile[2m > [22mshould handle missing name field with default[32m 4[2mms[22m[39m
 [32mΓ£ô[39m test/extractors/builtin/basic-wrangler/wrangler-parser.test.ts[2m > [22mwrangler-parser[2m > [22mnormalizeServiceBindings[2m > [22mshould normalize array of service bindings[32m 6[2mms[22m[39m
 [32mΓ£ô[39m test/extractors/builtin/basic-wrangler/wrangler-parser.test.ts[2m > [22mwrangler-parser[2m > [22mnormalizeServiceBindings[2m > [22mshould return undefined for null/undefined input[32m 1[2mms[22m[39m
 [32mΓ£ô[39m test/extractors/builtin/basic-wrangler/wrangler-parser.test.ts[2m > [22mwrangler-parser[2m > [22mnormalizeServiceBindings[2m > [22mshould return undefined for non-array input[32m 17[2mms[22m[39m
 [32mΓ£ô[39m test/extractors/builtin/basic-wrangler/wrangler-parser.test.ts[2m > [22mwrangler-parser[2m > [22mnormalizeServiceBindings[2m > [22mshould handle empty array[32m 3[2mms[22m[39m
 [32mΓ£ô[39m test/renderers/builtin/plantuml-render.test.ts[2m > [22mplantuml-render renderer[2m > [22mrenders PlantUML files to PNG images[32m 158[2mms[22m[39m
 [32mΓ£ô[39m test/renderers/builtin/plantuml-render.test.ts[2m > [22mplantuml-render renderer[2m > [22mthrows error when Java is not available[32m 6[2mms[22m[39m
 [32mΓ£ô[39m test/renderers/builtin/plantuml-render.test.ts[2m > [22mplantuml-render renderer[2m > [22mreturns early when PlantUML directory does not exist[32m 4[2mms[22m[39m
 [32mΓ£ô[39m test/renderers/builtin/plantuml-render.test.ts[2m > [22mplantuml-render renderer[2m > [22mreturns early when no .puml files found[32m 2[2mms[22m[39m
 [32mΓ£ô[39m test/renderers/builtin/plantuml-render.test.ts[2m > [22mplantuml-render renderer[2m > [22mcontinues rendering other files when one fails[32m 4[2mms[22m[39m
 [32mΓ£ô[39m test/renderers/builtin/plantuml-render.test.ts[2m > [22mplantuml-render renderer[2m > [22mwarns when no images were generated successfully[32m 3[2mms[22m[39m
 [32mΓ£ô[39m test/renderers/builtin/plantuml-render.test.ts[2m > [22mplantuml-render renderer[2m > [22muses correct command for JAR files[32m 4[2mms[22m[39m
 [32mΓ£ô[39m test/renderers/builtin/plantuml-render.test.ts[2m > [22mplantuml-render renderer[2m > [22muses correct command for wrapper scripts[32m 4[2mms[22m[39m
 [32mΓ£ô[39m test/renderers/builtin/plantuml-render.test.ts[2m > [22mplantuml-render renderer[2m > [22mfilters out non-.puml files[32m 3[2mms[22m[39m
 [32mΓ£ô[39m test/renderers/builtin/plantuml-render.test.ts[2m > [22mplantuml-render renderer[2m > [22minitializes rendererOutputs array if not present[32m 3[2mms[22m[39m
 [32mΓ£ô[39m test/renderers/builtin/plantuml-render.test.ts[2m > [22mplantuml-render renderer[2m > [22mappends to existing rendererOutputs array[32m 3[2mms[22m[39m
 [32mΓ£ô[39m test/renderers/builtin/plantuml-render.test.ts[2m > [22mplantuml-render renderer[2m > [22mlogs progress messages[32m 8[2mms[22m[39m
 [32mΓ£ô[39m test/extractors/builtin/basic-wrangler/wrangler-parser.test.ts[2m > [22mwrangler-parser[2m > [22mgetEnvironments[2m > [22mshould return production when root has services[32m 4[2mms[22m[39m
 [32mΓ£ô[39m test/extractors/builtin/basic-wrangler/wrangler-parser.test.ts[2m > [22mwrangler-parser[2m > [22mgetEnvironments[2m > [22mshould return production when root has vars[32m 1[2mms[22m[39m
 [32mΓ£ô[39m test/extractors/builtin/basic-wrangler/wrangler-parser.test.ts[2m > [22mwrangler-parser[2m > [22mgetEnvironments[2m > [22mshould return production when root has KV bindings[32m 1[2mms[22m[39m
 [32mΓ£ô[39m test/extractors/builtin/basic-wrangler/wrangler-parser.test.ts[2m > [22mwrangler-parser[2m > [22mgetEnvironments[2m > [22mshould return production when root has routes[32m 1[2mms[22m[39m
 [32mΓ£ô[39m test/extractors/builtin/basic-wrangler/wrangler-parser.test.ts[2m > [22mwrangler-parser[2m > [22mgetEnvironments[2m > [22mshould not return production if explicit env.production exists[32m 1[2mms[22m[39m
 [32mΓ£ô[39m test/extractors/builtin/basic-wrangler/wrangler-parser.test.ts[2m > [22mwrangler-parser[2m > [22mgetEnvironments[2m > [22mshould return named environments from env config[32m 2[2mms[22m[39m
 [32mΓ£ô[39m test/extractors/builtin/basic-wrangler/wrangler-parser.test.ts[2m > [22mwrangler-parser[2m > [22mgetEnvironments[2m > [22mshould return both production and named environments[32m 5[2mms[22m[39m
 [32mΓ£ô[39m test/extractors/builtin/basic-wrangler/wrangler-parser.test.ts[2m > [22mwrangler-parser[2m > [22mgetEnvironments[2m > [22mshould return empty array for config without deployable content[32m 1[2mms[22m[39m
 [32mΓ£ô[39m test/extractors/builtin/basic-wrangler/wrangler-parser.test.ts[2m > [22mwrangler-parser[2m > [22mgetEnvironmentConfig[2m > [22mshould return root config for production environment[32m 2[2mms[22m[39m
 [32mΓ£ô[39m test/extractors/builtin/basic-wrangler/wrangler-parser.test.ts[2m > [22mwrangler-parser[2m > [22mgetEnvironmentConfig[2m > [22mshould merge root and env-specific vars[32m 3[2mms[22m[39m
 [32mΓ£ô[39m test/extractors/builtin/basic-wrangler/wrangler-parser.test.ts[2m > [22mwrangler-parser[2m > [22mgetEnvironmentConfig[2m > [22mshould override services with env-specific services[32m 2[2mms[22m[39m
 [32mΓ£ô[39m test/extractors/builtin/basic-wrangler/wrangler-parser.test.ts[2m > [22mwrangler-parser[2m > [22mgetEnvironmentConfig[2m > [22mshould override name with env-specific name[32m 1[2mms[22m[39m
 [32mΓ£ô[39m test/extractors/builtin/basic-wrangler/wrangler-parser.test.ts[2m > [22mwrangler-parser[2m > [22mgetEnvironmentConfig[2m > [22mshould override all binding types with env-specific bindings[32m 2[2mms[22m[39m
 [32mΓ£ô[39m test/extractors/builtin/basic-wrangler/wrangler-parser.test.ts[2m > [22mwrangler-parser[2m > [22mgetEnvironmentConfig[2m > [22mshould handle environment without overrides[32m 8[2mms[22m[39m
[90mstdout[2m | test/core/module-loader.test.ts[2m > [22m[2mpath-resolution basics[2m > [22m[2mresolves CLI-relative when no ~ or /
[22m[39mResolving relative path "test-plugins/ext" against CLI dir: C:\Users\chris\git\archlette\src\

[90mstdout[2m | test/core/module-loader.test.ts[2m > [22m[2mresolveModuleEntry with extension/index probing[2m > [22m[2mfinds .ts when given bare path
[22m[39mResolving relative path "test-plugins/ext" against CLI dir: C:\Users\chris\git\archlette\src\

[90mstdout[2m | test/core/module-loader.test.ts[2m > [22m[2mresolveModuleEntry with extension/index probing[2m > [22m[2mfinds .js when given bare path
[22m[39mResolving relative path "test-plugins/gen" against CLI dir: C:\Users\chris\git\archlette\src\

[90mstdout[2m | test/core/module-loader.test.ts[2m > [22m[2mresolveModuleEntry with extension/index probing[2m > [22m[2mresolves directory index.ts
[22m[39mResolving relative path "test-plugins/dir" against CLI dir: C:\Users\chris\git\archlette\src\

[90mstdout[2m | test/core/module-loader.test.ts[2m > [22m[2mresolveModuleEntry with extension/index probing[2m > [22m[2mthrows when nothing matches
[22m[39mResolving relative path "no/such/file" against CLI dir: C:\Users\chris\git\archlette\src\

[90mstdout[2m | test/core/module-loader.test.ts[2m > [22m[2mloadModuleFromPath dynamic import[2m > [22m[2mimports a .ts file resolved via probing
[22m[39mResolving relative path "test-plugins/ext" against CLI dir: C:\Users\chris\git\archlette\src\

[90mstdout[2m | test/core/module-loader.test.ts[2m > [22m[2mloadModuleFromPath dynamic import[2m > [22m[2mimports a directory index.ts
[22m[39mResolving relative path "test-plugins/dir" against CLI dir: C:\Users\chris\git\archlette\src\

 [32mΓ£ô[39m test/core/module-loader.test.ts[2m > [22mpath-resolution basics[2m > [22mresolves CLI-relative when no ~ or /[32m 6[2mms[22m[39m
 [32mΓ£ô[39m test/core/module-loader.test.ts[2m > [22mpath-resolution basics[2m > [22mexpands ~ to HOME[32m 1[2mms[22m[39m
 [32mΓ£ô[39m test/core/module-loader.test.ts[2m > [22mpath-resolution basics[2m > [22mpasses through absolute paths[32m 0[2mms[22m[39m
 [32mΓ£ô[39m test/core/module-loader.test.ts[2m > [22mpath-resolution basics[2m > [22mconverts to file URL[32m 1[2mms[22m[39m
 [32mΓ£ô[39m test/core/module-loader.test.ts[2m > [22mresolveModuleEntry with extension/index probing[2m > [22mfinds .ts when given bare path[32m 2[2mms[22m[39m
 [32mΓ£ô[39m test/core/module-loader.test.ts[2m > [22mresolveModuleEntry with extension/index probing[2m > [22mfinds .js when given bare path[32m 1[2mms[22m[39m
 [32mΓ£ô[39m test/core/module-loader.test.ts[2m > [22mresolveModuleEntry with extension/index probing[2m > [22mresolves directory index.ts[32m 2[2mms[22m[39m
 [32mΓ£ô[39m test/core/module-loader.test.ts[2m > [22mresolveModuleEntry with extension/index probing[2m > [22mresolves home ~ file with .ts[32m 1[2mms[22m[39m
 [32mΓ£ô[39m test/core/module-loader.test.ts[2m > [22mresolveModuleEntry with extension/index probing[2m > [22mthrows when nothing matches[32m 4[2mms[22m[39m
 [32mΓ£ô[39m test/core/module-loader.test.ts[2m > [22mloadModuleFromPath dynamic import[2m > [22mimports a .ts file resolved via probing[32m 40[2mms[22m[39m
 [32mΓ£ô[39m test/core/module-loader.test.ts[2m > [22mloadModuleFromPath dynamic import[2m > [22mimports a directory index.ts[32m 20[2mms[22m[39m
 [32mΓ£ô[39m test/core/module-loader.test.ts[2m > [22mloadModuleFromPath dynamic import[2m > [22mimports an absolute path as-is[32m 9[2mms[22m[39m
 [32mΓ£ô[39m test/core/module-loader.test.ts[2m > [22mloadModuleFromPath dynamic import[2m > [22mimports a home-path module[32m 16[2mms[22m[39m
 [32mΓ£ô[39m test/core/module-loader.test.ts[2m > [22mnormalizes mixed separators on Windows[2m > [22mnormalizes C:/foo\bar -> C:\foo\bar[32m 1[2mms[22m[39m
 [32mΓ£ô[39m test/extractors/builtin/basic-wrangler/integration.test.ts[2m > [22mbasic-wrangler integration[2m > [22mshould extract from a single wrangler.toml file[32m 66[2mms[22m[39m
 [32mΓ£ô[39m test/extractors/builtin/basic-wrangler/integration.test.ts[2m > [22mbasic-wrangler integration[2m > [22mshould extract from multiple wrangler.toml files[32m 11[2mms[22m[39m
 [32mΓ£ô[39m test/extractors/builtin/basic-wrangler/integration.test.ts[2m > [22mbasic-wrangler integration[2m > [22mshould handle multiple environments correctly[32m 11[2mms[22m[39m
 [32mΓ£ô[39m test/extractors/builtin/basic-wrangler/integration.test.ts[2m > [22mbasic-wrangler integration[2m > [22mshould return empty IR when no files found[32m 7[2mms[22m[39m
 [32mΓ£ô[39m test/extractors/builtin/basic-wrangler/integration.test.ts[2m > [22mbasic-wrangler integration[2m > [22mshould use system metadata if provided[32m 7[2mms[22m[39m
 [32mΓ£ô[39m test/extractors/builtin/basic-wrangler/integration.test.ts[2m > [22mbasic-wrangler integration[2m > [22mshould handle complex real-world scenario[32m 15[2mms[22m[39m
 [32mΓ£ô[39m test/5-docs/index.test.ts[2m > [22mdocs stage[2m > [22mruns configured doc generators sequentially[32m 56[2mms[22m[39m
 [32mΓ£ô[39m test/5-docs/index.test.ts[2m > [22mdocs stage[2m > [22minvokes each doc generator with context and node[32m 6[2mms[22m[39m
 [32mΓ£ô[39m test/5-docs/index.test.ts[2m > [22mdocs stage[2m > [22minitializes docOutputs array[32m 2[2mms[22m[39m
 [32mΓ£ô[39m test/5-docs/index.test.ts[2m > [22mdocs stage[2m > [22mreturns early when no IR found[32m 2[2mms[22m[39m
 [32mΓ£ô[39m test/5-docs/index.test.ts[2m > [22mdocs stage[2m > [22mreturns early when no doc generators configured[32m 2[2mms[22m[39m
 [32mΓ£ô[39m test/5-docs/index.test.ts[2m > [22mdocs stage[2m > [22mprefers validatedIR over aggregatedIR[32m 2[2mms[22m[39m
 [32mΓ£ô[39m test/5-docs/index.test.ts[2m > [22mdocs stage[2m > [22mthrows error when doc generator fails[32m 7[2mms[22m[39m
 [32mΓ£ô[39m test/5-docs/index.test.ts[2m > [22mdocs stage[2m > [22mstops processing when a doc generator fails[32m 3[2mms[22m[39m
 [32mΓ£ô[39m test/5-docs/index.test.ts[2m > [22mdocs stage[2m > [22mlogs summary with file counts[32m 2[2mms[22m[39m
 [32mΓ£ô[39m test/5-docs/index.test.ts[2m > [22mdocs stage[2m > [22mhandles zero files in summary[32m 2[2mms[22m[39m
 [32mΓ£ô[39m test/5-docs/index.test.ts[2m > [22mdocs stage[2m > [22mlogs doc generator module resolution[32m 2[2mms[22m[39m
 [32mΓ£ô[39m test/5-docs/index.test.ts[2m > [22mdocs stage[2m > [22mlogs doc generator completion[32m 2[2mms[22m[39m
 [32mΓ£ô[39m test/5-docs/index.test.ts[2m > [22mdocs stage[2m > [22mprocesses doc generators in order[32m 2[2mms[22m[39m
 [32mΓ£ô[39m test/extractors/builtin/basic-node/actor-relationships.test.ts[2m > [22mActor relationships - direction handling[2m > [22mcreates actor ΓåÆ component relationship for {in} direction[32m 84[2mms[22m[39m
 [32mΓ£ô[39m test/extractors/builtin/basic-node/actor-relationships.test.ts[2m > [22mActor relationships - direction handling[2m > [22mcreates component ΓåÆ actor relationship for {out} direction[32m 11[2mms[22m[39m
 [32mΓ£ô[39m test/extractors/builtin/basic-node/actor-relationships.test.ts[2m > [22mActor relationships - direction handling[2m > [22mcreates bidirectional relationships for {both} direction[32m 8[2mms[22m[39m
 [32mΓ£ô[39m test/extractors/builtin/basic-node/type-extraction.test.ts[2m > [22mextractTypeAliases[2m > [22mextracts simple type alias[33m 5308[2mms[22m[39m
 [32mΓ£ô[39m test/extractors/builtin/basic-node/actor-relationships.test.ts[2m > [22mActor relationships - direction handling[2m > [22mdefaults to bidirectional when direction is omitted[32m 7[2mms[22m[39m
 [32mΓ£ô[39m test/extractors/builtin/basic-node/actor-relationships.test.ts[2m > [22mActor relationships - direction handling[2m > [22mhandles multiple actors with different directions[32m 8[2mms[22m[39m
 [32mΓ£ô[39m test/extractors/builtin/basic-node/arrow-functions.test.ts[2m > [22mextractArrowFunctions[2m > [22mextracts simple arrow function[33m 5251[2mms[22m[39m
 [32mΓ£ô[39m test/core/types-ir.test.ts[2m > [22mtypes-ir.ts / zod schema[2m > [22mvalidates a correct minimal IR[32m 22[2mms[22m[39m
 [32mΓ£ô[39m test/core/types-ir.test.ts[2m > [22mtypes-ir.ts / zod schema[2m > [22mrejects invalid props values (non-scalar)[32m 9[2mms[22m[39m
 [32mΓ£ô[39m test/core/types-ir.test.ts[2m > [22mtypes-ir.ts / zod schema[2m > [22mrejects a container missing required fields[32m 1[2mms[22m[39m
 [32mΓ£ô[39m test/core/types-ir.test.ts[2m > [22mtypes-ir.ts / zod schema[2m > [22maccepts empty arrays for optional collections but requires them to exist[32m 1[2mms[22m[39m
 [32mΓ£ô[39m test/core/types-ir.test.ts[2m > [22mtypes-ir.ts / zod schema[2m > [22mvalidates fragments via .partial() during extraction[32m 3[2mms[22m[39m
 [32mΓ£ô[39m test/core/types-ir.test.ts[2m > [22mtypes-ir.ts / zod schema[2m > [22mrejects bad relationship objects[32m 1[2mms[22m[39m
 [32mΓ£ô[39m test/core/types-ir.test.ts[2m > [22mtypes-ir.ts / zod schema[2m > [22maccepts relationship objects with only required fields[32m 0[2mms[22m[39m
 [32mΓ£ô[39m test/core/types-ir.test.ts[2m > [22mtypes-ir.ts / zod schema[2m > [22mallows parameters with optional metadata fields[32m 2[2mms[22m[39m
 [32mΓ£ô[39m test/core/types-ir.test.ts[2m > [22mtypes-ir.ts / zod schema[2m > [22maccepts deployments without nodes (empty or omitted)[32m 1[2mms[22m[39m
 [32mΓ£ô[39m test/core/types-ir.test.ts[2m > [22mtypes-ir.ts / zod schema[2m > [22mdoes not enforce referential integrity (schema-level only)[32m 1[2mms[22m[39m
 [32mΓ£ô[39m test/extractors/builtin/basic-node/import-extractor.test.ts[2m > [22mimport-extractor[2m > [22mextractImports[2m > [22mshould extract named imports[32m 35[2mms[22m[39m
 [32mΓ£ô[39m test/extractors/builtin/basic-node/import-extractor.test.ts[2m > [22mimport-extractor[2m > [22mextractImports[2m > [22mshould extract default imports[32m 3[2mms[22m[39m
 [32mΓ£ô[39m test/extractors/builtin/basic-node/import-extractor.test.ts[2m > [22mimport-extractor[2m > [22mextractImports[2m > [22mshould extract namespace imports[32m 3[2mms[22m[39m
 [32mΓ£ô[39m test/extractors/builtin/basic-node/import-extractor.test.ts[2m > [22mimport-extractor[2m > [22mextractImports[2m > [22mshould extract mixed imports (default + named)[32m 4[2mms[22m[39m
 [32mΓ£ô[39m test/extractors/builtin/basic-node/import-extractor.test.ts[2m > [22mimport-extractor[2m > [22mextractImports[2m > [22mshould detect type-only imports[32m 4[2mms[22m[39m
 [32mΓ£ô[39m test/extractors/builtin/basic-node/import-extractor.test.ts[2m > [22mimport-extractor[2m > [22mextractImports[2m > [22mshould extract multiple import statements[32m 4[2mms[22m[39m
 [32mΓ£ô[39m test/extractors/builtin/basic-node/import-extractor.test.ts[2m > [22mimport-extractor[2m > [22mextractImports[2m > [22mshould handle side-effect imports (no names)[32m 3[2mms[22m[39m
 [32mΓ£ô[39m test/extractors/builtin/basic-node/import-extractor.test.ts[2m > [22mimport-extractor[2m > [22mextractImports[2m > [22mshould handle files with no imports[32m 14[2mms[22m[39m
 [32mΓ£ô[39m test/extractors/builtin/basic-node/import-extractor.test.ts[2m > [22mimport-extractor[2m > [22mextractImports[2m > [22mshould extract relative path imports[32m 4[2mms[22m[39m
 [32mΓ£ô[39m test/extractors/builtin/basic-node/import-extractor.test.ts[2m > [22mimport-extractor[2m > [22mextractImports[2m > [22mshould handle imports with aliases[32m 4[2mms[22m[39m
 [32mΓ£ô[39m test/extractors/builtin/basic-node/import-extractor.test.ts[2m > [22mimport-extractor[2m > [22mextractImports[2m > [22mshould handle mixed type and value imports[32m 4[2mms[22m[39m
 [32mΓ£ô[39m test/extractors/builtin/basic-node/import-extractor.test.ts[2m > [22mimport-extractor[2m > [22mextractImports[2m > [22mshould handle complex real-world imports[32m 4[2mms[22m[39m
 [32mΓ£ô[39m test/extractors/builtin/basic-node/import-extractor.test.ts[2m > [22mimport-extractor[2m > [22mextractImports[2m > [22mshould handle empty source file gracefully[32m 5[2mms[22m[39m
 [32mΓ£ô[39m test/extractors/builtin/basic-node/import-extractor.test.ts[2m > [22mimport-extractor[2m > [22mextractImports[2m > [22mshould extract imports from files with comments[32m 5[2mms[22m[39m
 [32mΓ£ô[39m test/extractors/builtin/basic-node/import-extractor.test.ts[2m > [22mimport-extractor[2m > [22mextractImports[2m > [22mshould handle scoped package imports[32m 5[2mms[22m[39m
 [32mΓ£ô[39m test/extractors/builtin/basic-node/import-extractor.test.ts[2m > [22mimport-extractor[2m > [22mextractImports[2m > [22mshould handle imports with file extensions[32m 3[2mms[22m[39m
 [32mΓ£ô[39m test/extractors/builtin/basic-node/actor-direction.test.ts[2m > [22mextractFileActors - direction parsing[2m > [22mextracts actor with {in} direction[32m 41[2mms[22m[39m
 [32mΓ£ô[39m test/extractors/builtin/basic-node/actor-direction.test.ts[2m > [22mextractFileActors - direction parsing[2m > [22mextracts actor with {out} direction[32m 6[2mms[22m[39m
 [32mΓ£ô[39m test/extractors/builtin/basic-node/actor-direction.test.ts[2m > [22mextractFileActors - direction parsing[2m > [22mextracts actor with {both} direction[32m 4[2mms[22m[39m
 [32mΓ£ô[39m test/extractors/builtin/basic-node/actor-direction.test.ts[2m > [22mextractFileActors - direction parsing[2m > [22mdefaults to {both} when direction is omitted[32m 4[2mms[22m[39m
 [32mΓ£ô[39m test/extractors/builtin/basic-node/actor-direction.test.ts[2m > [22mextractFileActors - direction parsing[2m > [22mextracts multiple actors with different directions[32m 11[2mms[22m[39m
 [32mΓ£ô[39m test/extractors/builtin/basic-node/actor-direction.test.ts[2m > [22mextractFileActors - direction parsing[2m > [22mhandles actor with description containing braces[32m 5[2mms[22m[39m
 [32mΓ£ô[39m test/3-generate/index.test.ts[2m > [22mgenerate stage[2m > [22mshould throw error if IR is missing[32m 17[2mms[22m[39m
 [32mΓ£ô[39m test/3-generate/index.test.ts[2m > [22mgenerate stage[2m > [22mshould use aggregated IR if validated IR is not available[32m 5[2mms[22m[39m
 [32mΓ£ô[39m test/3-generate/index.test.ts[2m > [22mgenerate stage[2m > [22mshould handle empty generators configuration[32m 1[2mms[22m[39m
 [32mΓ£ô[39m test/3-generate/index.test.ts[2m > [22mgenerate stage[2m > [22mshould load and execute generators successfully[32m 2[2mms[22m[39m
 [32mΓ£ô[39m test/3-generate/index.test.ts[2m > [22mgenerate stage[2m > [22mshould determine generator format from name[32m 3[2mms[22m[39m
 [32mΓ£ô[39m test/3-generate/index.test.ts[2m > [22mgenerate stage[2m > [22mshould write single generator output to DSL file[32m 3[2mms[22m[39m
 [32mΓ£ô[39m test/3-generate/index.test.ts[2m > [22mgenerate stage[2m > [22mshould concatenate multiple generator outputs[32m 2[2mms[22m[39m
 [32mΓ£ô[39m test/3-generate/index.test.ts[2m > [22mgenerate stage[2m > [22mshould throw error if generator fails[32m 3[2mms[22m[39m
 [32mΓ£ô[39m test/3-generate/index.test.ts[2m > [22mgenerate stage[2m > [22mshould handle DSL write errors[32m 2[2mms[22m[39m
 [32mΓ£ô[39m test/3-generate/index.test.ts[2m > [22mgenerate stage[2m > [22mshould provide improved error messages for missing IR[32m 2[2mms[22m[39m
 [32mΓ£ô[39m test/extractors/builtin/basic-wrangler/to-ir-mapper.test.ts[2m > [22mto-ir-mapper[2m > [22mmapToIR[2m > [22mshould create empty IR for empty config array[32m 6[2mms[22m[39m
 [32mΓ£ô[39m test/extractors/builtin/basic-wrangler/to-ir-mapper.test.ts[2m > [22mto-ir-mapper[2m > [22mmapToIR[2m > [22mshould extract containers from wrangler configs[32m 8[2mms[22m[39m
 [32mΓ£ô[39m test/extractors/builtin/basic-wrangler/to-ir-mapper.test.ts[2m > [22mto-ir-mapper[2m > [22mmapToIR[2m > [22mshould extract unique environments across all configs[32m 4[2mms[22m[39m
 [32mΓ£ô[39m test/extractors/builtin/basic-wrangler/to-ir-mapper.test.ts[2m > [22mto-ir-mapper[2m > [22mmapToIR[2m > [22mshould create deployments with correct structure[32m 1[2mms[22m[39m
 [32mΓ£ô[39m test/extractors/builtin/basic-wrangler/to-ir-mapper.test.ts[2m > [22mto-ir-mapper[2m > [22mmapToIR[2m > [22mshould create container instances with service bindings[32m 3[2mms[22m[39m
 [32mΓ£ô[39m test/extractors/builtin/basic-wrangler/to-ir-mapper.test.ts[2m > [22mto-ir-mapper[2m > [22mmapToIR[2m > [22mshould create container instances with KV bindings[32m 1[2mms[22m[39m
 [32mΓ£ô[39m test/extractors/builtin/basic-wrangler/to-ir-mapper.test.ts[2m > [22mto-ir-mapper[2m > [22mmapToIR[2m > [22mshould create container instances with R2 bindings[32m 1[2mms[22m[39m
 [32mΓ£ô[39m test/extractors/builtin/basic-wrangler/to-ir-mapper.test.ts[2m > [22mto-ir-mapper[2m > [22mmapToIR[2m > [22mshould create container instances with D1 bindings[32m 1[2mms[22m[39m
 [32mΓ£ô[39m test/extractors/builtin/basic-wrangler/to-ir-mapper.test.ts[2m > [22mto-ir-mapper[2m > [22mmapToIR[2m > [22mshould create container instances with Durable Object bindings[32m 1[2mms[22m[39m
 [32mΓ£ô[39m test/extractors/builtin/basic-wrangler/to-ir-mapper.test.ts[2m > [22mto-ir-mapper[2m > [22mmapToIR[2m > [22mshould create container instances with queue bindings[32m 1[2mms[22m[39m
 [32mΓ£ô[39m test/extractors/builtin/basic-wrangler/to-ir-mapper.test.ts[2m > [22mto-ir-mapper[2m > [22mmapToIR[2m > [22mshould create container instances for each environment[32m 2[2mms[22m[39m
 [32mΓ£ô[39m test/extractors/builtin/basic-wrangler/to-ir-mapper.test.ts[2m > [22mto-ir-mapper[2m > [22mmapToIR[2m > [22mshould extract container relationships from service bindings[32m 1[2mms[22m[39m
 [32mΓ£ô[39m test/extractors/builtin/basic-wrangler/to-ir-mapper.test.ts[2m > [22mto-ir-mapper[2m > [22mmapToIR[2m > [22mshould deduplicate container relationships across environments[32m 1[2mms[22m[39m
 [32mΓ£ô[39m test/extractors/builtin/basic-wrangler/to-ir-mapper.test.ts[2m > [22mto-ir-mapper[2m > [22mmapToIR[2m > [22mshould extract deployment relationships from container instances[32m 1[2mms[22m[39m
 [32mΓ£ô[39m test/extractors/builtin/basic-wrangler/to-ir-mapper.test.ts[2m > [22mto-ir-mapper[2m > [22mmapToIR[2m > [22mshould handle cross-environment service bindings[32m 1[2mms[22m[39m
 [32mΓ£ô[39m test/extractors/builtin/basic-wrangler/to-ir-mapper.test.ts[2m > [22mto-ir-mapper[2m > [22mmapToIR[2m > [22mshould use custom system metadata if provided[32m 1[2mms[22m[39m
 [32mΓ£ô[39m test/extractors/builtin/basic-wrangler/to-ir-mapper.test.ts[2m > [22mto-ir-mapper[2m > [22mmapToIR[2m > [22mshould handle multiple workers with complex bindings[32m 3[2mms[22m[39m
 [32mΓ£ô[39m test/1-extract/index.test.ts[2m > [22mextract stage[2m > [22mshould handle empty extractors configuration[32m 8[2mms[22m[39m
 [32mΓ£ô[39m test/1-extract/index.test.ts[2m > [22mextract stage[2m > [22mshould load and execute extractors successfully[32m 11[2mms[22m[39m
 [32mΓ£ô[39m test/1-extract/index.test.ts[2m > [22mextract stage[2m > [22mshould validate IR output from extractors[32m 6[2mms[22m[39m
 [32mΓ£ô[39m test/1-extract/index.test.ts[2m > [22mextract stage[2m > [22mshould continue processing if one extractor fails[32m 3[2mms[22m[39m
 [32mΓ£ô[39m test/1-extract/index.test.ts[2m > [22mextract stage[2m > [22mshould write aggregated IR to disk[32m 1[2mms[22m[39m
 [32mΓ£ô[39m test/1-extract/index.test.ts[2m > [22mextract stage[2m > [22mshould aggregate multiple extractor results[32m 2[2mms[22m[39m
 [32mΓ£ô[39m test/extractors/builtin/basic-node/type-extraction.test.ts[2m > [22mextractTypeAliases[2m > [22mextracts exported type alias[32m 3[2mms[22m[39m
 [32mΓ£ô[39m test/extractors/builtin/basic-node/type-extraction.test.ts[2m > [22mextractTypeAliases[2m > [22mextracts generic type alias[33m 2883[2mms[22m[39m
 [32mΓ£ô[39m test/2-validate/index.test.ts[2m > [22mvalidate stage[2m > [22mshould throw error if aggregated IR is missing[32m 13[2mms[22m[39m
 [32mΓ£ô[39m test/2-validate/index.test.ts[2m > [22mvalidate stage[2m > [22mshould handle empty validators configuration[32m 3[2mms[22m[39m
 [32mΓ£ô[39m test/2-validate/index.test.ts[2m > [22mvalidate stage[2m > [22mshould load and execute validators successfully[32m 3[2mms[22m[39m
 [32mΓ£ô[39m test/2-validate/index.test.ts[2m > [22mvalidate stage[2m > [22mshould chain validators sequentially[32m 3[2mms[22m[39m
 [32mΓ£ô[39m test/2-validate/index.test.ts[2m > [22mvalidate stage[2m > [22mshould throw error if validator fails[32m 2[2mms[22m[39m
 [32mΓ£ô[39m test/2-validate/index.test.ts[2m > [22mvalidate stage[2m > [22mshould write validated IR to configured output path[32m 2[2mms[22m[39m
 [32mΓ£ô[39m test/2-validate/index.test.ts[2m > [22mvalidate stage[2m > [22mshould provide improved error messages for missing IR[32m 2[2mms[22m[39m
 [32mΓ£ô[39m test/extractors/builtin/basic-node/arrow-functions.test.ts[2m > [22mextractArrowFunctions[2m > [22mextracts exported arrow function[33m 3114[2mms[22m[39m
 [32mΓ£ô[39m test/core/types-aac.test.ts[2m > [22mAACConfigSchema[2m > [22mparses a valid config and preserves props[32m 27[2mms[22m[39m
 [32mΓ£ô[39m test/core/types-aac.test.ts[2m > [22mAACConfigSchema[2m > [22mapplies field-level defaults when optional fields are omitted[32m 1[2mms[22m[39m
 [32mΓ£ô[39m test/core/types-aac.test.ts[2m > [22mAACConfigSchema[2m > [22mrejects missing required fields[32m 5[2mms[22m[39m
 [32mΓ£ô[39m test/core/types-aac.test.ts[2m > [22mAACConfigSchema[2m > [22mstrips unknown keys by default[32m 1[2mms[22m[39m
 [32mΓ£ô[39m test/core/types-aac.test.ts[2m > [22mresolveConfig()[2m > [22minherits includes/excludes from defaults if not set on node[32m 2[2mms[22m[39m
 [32mΓ£ô[39m test/core/types-aac.test.ts[2m > [22mresolveConfig()[2m > [22mapplies node-level overrides when provided[32m 1[2mms[22m[39m
 [32mΓ£ô[39m test/core/types-aac.test.ts[2m > [22mresolveConfig()[2m > [22mdefaults node name to empty string and props to {} if omitted[32m 1[2mms[22m[39m
 [32mΓ£ô[39m test/core/types-aac.test.ts[2m > [22mresolveConfig()[2m > [22mkeeps props as arbitrary name/value pairs[32m 1[2mms[22m[39m
 [32mΓ£ô[39m test/core/types-aac.test.ts[2m > [22mresolveConfig()[2m > [22mhandles empty stage gracefully (defaults applied)[32m 1[2mms[22m[39m
 [32mΓ£ô[39m test/core/types-aac.test.ts[2m > [22mresolveConfig()[2m > [22mdoes not treat empty arrays as explicit overrides (inherits instead)[32m 1[2mms[22m[39m
 [32mΓ£ô[39m test/core/types-aac.test.ts[2m > [22mresolveConfig()[2m > [22mthrows on invalid structure (e.g., non-string include)[32m 5[2mms[22m[39m
 [32mΓ£ô[39m test/core/stage-module-loader.test.ts[2m > [22mstage-module-loader[2m > [22mloadExtractorModule[2m > [22mshould load an extractor with default export[32m 9[2mms[22m[39m
 [32mΓ£ô[39m test/core/stage-module-loader.test.ts[2m > [22mstage-module-loader[2m > [22mloadExtractorModule[2m > [22mshould load an extractor with run export[32m 1[2mms[22m[39m
 [32mΓ£ô[39m test/core/stage-module-loader.test.ts[2m > [22mstage-module-loader[2m > [22mloadExtractorModule[2m > [22mshould prioritize getStageEntry result over default[32m 3[2mms[22m[39m
 [32mΓ£ô[39m test/core/stage-module-loader.test.ts[2m > [22mstage-module-loader[2m > [22mloadExtractorModule[2m > [22mshould throw error if no callable entry is found[32m 4[2mms[22m[39m
 [32mΓ£ô[39m test/core/stage-module-loader.test.ts[2m > [22mstage-module-loader[2m > [22mloadExtractorModule[2m > [22mshould throw error if entry is not a function[32m 1[2mms[22m[39m
 [32mΓ£ô[39m test/core/stage-module-loader.test.ts[2m > [22mstage-module-loader[2m > [22mloadValidatorModule[2m > [22mshould load a validator with default export[32m 1[2mms[22m[39m
 [32mΓ£ô[39m test/core/stage-module-loader.test.ts[2m > [22mstage-module-loader[2m > [22mloadValidatorModule[2m > [22mshould throw error if no callable entry is found[32m 1[2mms[22m[39m
 [32mΓ£ô[39m test/core/stage-module-loader.test.ts[2m > [22mstage-module-loader[2m > [22mloadGeneratorModule[2m > [22mshould load a generator with default export[32m 1[2mms[22m[39m
 [32mΓ£ô[39m test/core/stage-module-loader.test.ts[2m > [22mstage-module-loader[2m > [22mloadGeneratorModule[2m > [22mshould load a generator with run export[32m 1[2mms[22m[39m
 [32mΓ£ô[39m test/core/stage-module-loader.test.ts[2m > [22mstage-module-loader[2m > [22mloadGeneratorModule[2m > [22mshould throw error if no callable entry is found[32m 1[2mms[22m[39m
 [32mΓ£ô[39m test/1-extract/aggregator.test.ts[2m > [22maggregateIRs[2m > [22mreturns empty IR when given empty array[32m 8[2mms[22m[39m
 [32mΓ£ô[39m test/1-extract/aggregator.test.ts[2m > [22maggregateIRs[2m > [22mreturns same IR when given single IR[32m 15[2mms[22m[39m
 [32mΓ£ô[39m test/1-extract/aggregator.test.ts[2m > [22maggregateIRs[2m > [22muses first IR system metadata when aggregating multiple IRs[32m 1[2mms[22m[39m
 [32mΓ£ô[39m test/1-extract/aggregator.test.ts[2m > [22maggregateIRs[2m > [22mdeduplicates actors by ID[32m 1[2mms[22m[39m
 [32mΓ£ô[39m test/1-extract/aggregator.test.ts[2m > [22maggregateIRs[2m > [22mmerges descriptions when deduplicating actors[32m 1[2mms[22m[39m
 [32mΓ£ô[39m test/1-extract/aggregator.test.ts[2m > [22maggregateIRs[2m > [22mdeduplicates containers by ID[32m 1[2mms[22m[39m
 [32mΓ£ô[39m test/1-extract/aggregator.test.ts[2m > [22maggregateIRs[2m > [22mdeduplicates components by ID[32m 1[2mms[22m[39m
 [32mΓ£ô[39m test/1-extract/aggregator.test.ts[2m > [22maggregateIRs[2m > [22mdeduplicates code items by ID[32m 1[2mms[22m[39m
 [32mΓ£ô[39m test/1-extract/aggregator.test.ts[2m > [22maggregateIRs[2m > [22mdeduplicates deployments by name[32m 1[2mms[22m[39m
 [32mΓ£ô[39m test/1-extract/aggregator.test.ts[2m > [22maggregateIRs[2m > [22mdeduplicates relationships by source+destination+stereotype[32m 0[2mms[22m[39m
 [32mΓ£ô[39m test/1-extract/aggregator.test.ts[2m > [22maggregateIRs[2m > [22mhandles relationships with undefined stereotypes[32m 0[2mms[22m[39m
 [32mΓ£ô[39m test/1-extract/aggregator.test.ts[2m > [22maggregateIRs[2m > [22maggregates complex multi-extractor scenario[32m 1[2mms[22m[39m
 [32mΓ£ô[39m test/validators/builtin/base-validator.test.ts[2m > [22mbaseValidator[2m > [22mpasses valid IR[32m 34[2mms[22m[39m
 [32mΓ£ô[39m test/validators/builtin/base-validator.test.ts[2m > [22mbaseValidator[2m > [22mthrows on missing required fields[32m 3[2mms[22m[39m
 [32mΓ£ô[39m test/validators/builtin/base-validator.test.ts[2m > [22mbaseValidator[2m > [22mthrows on invalid field types[32m 1[2mms[22m[39m
 [32mΓ£ô[39m test/generators/builtin/structurizr.test.ts[2m > [22mstructurizrGenerator[2m > [22mgenerates minimal workspace with system[32m 6[2mms[22m[39m
 [32mΓ£ô[39m test/generators/builtin/structurizr.test.ts[2m > [22mstructurizrGenerator[2m > [22mgenerates actors as person or external system[32m 1[2mms[22m[39m
 [32mΓ£ô[39m test/generators/builtin/structurizr.test.ts[2m > [22mstructurizrGenerator[2m > [22mgenerates containers with technology[32m 1[2mms[22m[39m
 [32mΓ£ô[39m test/generators/builtin/structurizr.test.ts[2m > [22mstructurizrGenerator[2m > [22mgenerates components within containers[32m 1[2mms[22m[39m
 [32mΓ£ô[39m test/generators/builtin/structurizr.test.ts[2m > [22mstructurizrGenerator[2m > [22mgenerates relationships with description and technology[32m 1[2mms[22m[39m
 [32mΓ£ô[39m test/generators/builtin/structurizr.test.ts[2m > [22mstructurizrGenerator[2m > [22mgenerates component relationships within containers[32m 1[2mms[22m[39m
 [32mΓ£ô[39m test/generators/builtin/structurizr.test.ts[2m > [22mstructurizrGenerator[2m > [22mgenerates deployments with container instances[32m 1[2mms[22m[39m
 [32mΓ£ô[39m test/generators/builtin/structurizr.test.ts[2m > [22mstructurizrGenerator[2m > [22mhandles special characters in strings[32m 1[2mms[22m[39m
 [32mΓ£ô[39m test/generators/builtin/structurizr.test.ts[2m > [22mstructurizrGenerator[2m > [22mgenerates class views per component for drill-down[32m 5[2mms[22m[39m
 [32mΓ£ô[39m test/extractors/builtin/basic-node/type-extraction.test.ts[2m > [22mextractTypeAliases[2m > [22mextracts type alias with JSDoc[33m 2720[2mms[22m[39m
 [32mΓ£ô[39m test/extractors/builtin/basic-node.test.ts[2m > [22mbasic-node extractor[2m > [22mshould extract classes and functions[33m 10317[2mms[22m[39m
 [32mΓ£ô[39m test/extractors/builtin/basic-node.test.ts[2m > [22mbasic-node extractor[2m > [22mshould handle parse errors gracefully[32m 10[2mms[22m[39m
 [32mΓ£ô[39m test/extractors/builtin/basic-node/arrow-functions.test.ts[2m > [22mextractArrowFunctions[2m > [22mextracts async arrow function[33m 2678[2mms[22m[39m
 [32mΓ£ô[39m test/extractors/builtin/basic-node/type-extraction.test.ts[2m > [22mextractTypeAliases[2m > [22mextracts multiple type aliases[33m 1638[2mms[22m[39m
 [32mΓ£ô[39m test/extractors/builtin/basic-node/arrow-functions.test.ts[2m > [22mextractArrowFunctions[2m > [22mextracts arrow function with JSDoc[33m 1713[2mms[22m[39m
 [32mΓ£ô[39m test/extractors/builtin/basic-node/type-extraction.test.ts[2m > [22mextractInterfaces[2m > [22mextracts simple interface[33m 1484[2mms[22m[39m
 [32mΓ£ô[39m test/extractors/builtin/basic-node/arrow-functions.test.ts[2m > [22mextractArrowFunctions[2m > [22mextracts function expression assigned to const[33m 1624[2mms[22m[39m
 [32mΓ£ô[39m test/extractors/builtin/basic-node/type-extraction.test.ts[2m > [22mextractInterfaces[2m > [22mextracts exported interface[33m 1515[2mms[22m[39m
 [31m├ù[39m test/extractors/builtin/component-detection.test.ts[2m > [22mcomponent detection[2m > [22mshould extract component from @component tag[33m 10820[2mms[22m[39m
[31m   ΓåÆ Test timed out in 10000ms.
If this is a long-running test, pass a timeout value as the last argument or configure it globally with "testTimeout".[39m
 [32mΓ£ô[39m test/extractors/builtin/component-detection.test.ts[2m > [22mcomponent detection[2m > [22mshould extract component from @module tag[33m 4571[2mms[22m[39m
 [32mΓ£ô[39m test/extractors/builtin/basic-node/arrow-functions.test.ts[2m > [22mextractArrowFunctions[2m > [22mextracts multiple arrow functions[33m 1585[2mms[22m[39m
 [32mΓ£ô[39m test/extractors/builtin/basic-node/type-extraction.test.ts[2m > [22mextractInterfaces[2m > [22mextracts interface with methods[33m 1510[2mms[22m[39m
 [32mΓ£ô[39m test/extractors/builtin/basic-node/arrow-functions.test.ts[2m > [22mextractArrowFunctions[2m > [22mhandles arrow functions with complex parameters[33m 1691[2mms[22m[39m
 [32mΓ£ô[39m test/extractors/builtin/basic-node/type-extraction.test.ts[2m > [22mextractInterfaces[2m > [22mextracts interface with optional and readonly properties[33m 1455[2mms[22m[39m
 [32mΓ£ô[39m test/extractors/builtin/basic-node/arrow-functions.test.ts[2m > [22mextractArrowFunctions[2m > [22mskips non-function variable declarations[33m 1476[2mms[22m[39m
 [32mΓ£ô[39m test/extractors/builtin/basic-node/type-extraction.test.ts[2m > [22mextractInterfaces[2m > [22mextracts interface that extends another[33m 1504[2mms[22m[39m
 [32mΓ£ô[39m test/extractors/builtin/component-detection.test.ts[2m > [22mcomponent detection[2m > [22mshould extract component from @namespace tag[33m 4554[2mms[22m[39m
 [32mΓ£ô[39m test/extractors/builtin/basic-node/type-extraction.test.ts[2m > [22mextractInterfaces[2m > [22mextracts generic interface[33m 1382[2mms[22m[39m
 [32mΓ£ô[39m test/extractors/builtin/basic-node/type-extraction.test.ts[2m > [22mextractInterfaces[2m > [22mextracts interface with JSDoc[33m 1506[2mms[22m[39m
 [32mΓ£ô[39m test/extractors/builtin/component-detection.test.ts[2m > [22mcomponent detection[2m > [22mshould handle files without component tags[33m 4221[2mms[22m[39m
 [32mΓ£ô[39m test/extractors/builtin/component-detection.test.ts[2m > [22mcomponent detection[2m > [22mshould deduplicate components from multiple files[33m 3561[2mms[22m[39m

[31mΓÄ»ΓÄ»ΓÄ»ΓÄ»ΓÄ»ΓÄ»ΓÄ»[39m[1m[41m Failed Tests 5 
[49m[22m[31mΓÄ»ΓÄ»ΓÄ»ΓÄ»ΓÄ»ΓÄ»ΓÄ»[39m

[41m[1m FAIL [22m[49m test/cli.test.ts[2m > [22mCLI YAML handling & 
resolution[2m > [22mlogs "Using config:" when the YAML file exists
[31m[1mAssertionError[22m: expected false to be true // Object.is equality[39m

[32m- Expected[39m
[31m+ Received[39m

[32m- true[39m
[31m+ false[39m

[36m [2mΓ¥»[22m test/cli.test.ts:[2m243:22[22m[39m
    [90m241| [39m        line.includes('Using config:') && 
line.includes('/cfg/default.ΓÇª
    [90m242| [39m    )[33m;[39m
    [90m243| [39m    
[34mexpect[39m(hasUsing)[33m.[39m[34mtoBe[39m([35mtrue[39m)[33m;[39m
    [90m   | [39m                     [31m^[39m
    [90m244| [39m  })[33m;[39m
    [90m245| [39m

[31m[2mΓÄ»ΓÄ»ΓÄ»ΓÄ»ΓÄ»ΓÄ»ΓÄ»ΓÄ»ΓÄ»ΓÄ»ΓÄ»ΓÄ»ΓÄ»ΓÄ»ΓÄ»ΓÄ»ΓÄ»ΓÄ»ΓÄ»ΓÄ»ΓÄ»ΓÄ»ΓÄ»ΓÄ»[
1/5]ΓÄ»[22m[39m

[41m[1m FAIL [22m[49m test/cli.test.ts[2m > [22mCLI YAML handling & 
resolution[2m > [22mlogs "No config file found" when YAML is missing
[31m[1mAssertionError[22m: expected undefined to be truthy[39m

[32m- Expected:[39m 
true

[31m+ Received:[39m 
undefined

[36m [2mΓ¥»[22m test/cli.test.ts:[2m258:19[22m[39m
    [90m256| [39m      line[33m.[39m[34mincludes[39m([32m'No config file 
found'[39m)[33m,[39m
    [90m257| [39m    )[33m;[39m
    [90m258| [39m    
[34mexpect[39m(found)[33m.[39m[34mtoBeTruthy[39m()[33m;[39m
    [90m   | [39m                  [31m^[39m
    [90m259| [39m    [90m// should mention what it looked for (the resolved 
default)[39m
    [90m260| [39m    [34mexpect[39m(found)[33m.[39m[34mtoContain[39m([32m
'/cfg/default.yaml'[39m)[33m;[39m

[31m[2mΓÄ»ΓÄ»ΓÄ»ΓÄ»ΓÄ»ΓÄ»ΓÄ»ΓÄ»ΓÄ»ΓÄ»ΓÄ»ΓÄ»ΓÄ»ΓÄ»ΓÄ»ΓÄ»ΓÄ»ΓÄ»ΓÄ»ΓÄ»ΓÄ»ΓÄ»ΓÄ»ΓÄ»[
2/5]ΓÄ»[22m[39m

[41m[1m FAIL [22m[49m test/cli.test.ts[2m > [22mCLI YAML handling & 
resolution[2m > [22mlogs a debug notice if a stage module exports no callable 
entry
[31m[1mAssertionError[22m: expected undefined to be truthy[39m

[32m- Expected:[39m 
true

[31m+ Received:[39m 
undefined

[36m [2mΓ¥»[22m test/cli.test.ts:[2m304:17[22m[39m
    [90m302| [39m        
line[33m.[39m[34mincludes[39m([32m'/fake/extract/index.ts'[39m)[33m,[39m
    [90m303| [39m    )[33m;[39m
    [90m304| [39m    
[34mexpect[39m(hit)[33m.[39m[34mtoBeTruthy[39m()[33m;[39m
    [90m   | [39m                [31m^[39m
    [90m305| [39m  })[33m;[39m
    [90m306| [39m})[33m;[39m

[31m[2mΓÄ»ΓÄ»ΓÄ»ΓÄ»ΓÄ»ΓÄ»ΓÄ»ΓÄ»ΓÄ»ΓÄ»ΓÄ»ΓÄ»ΓÄ»ΓÄ»ΓÄ»ΓÄ»ΓÄ»ΓÄ»ΓÄ»ΓÄ»ΓÄ»ΓÄ»ΓÄ»ΓÄ»[
3/5]ΓÄ»[22m[39m

[41m[1m FAIL [22m[49m test/cli.test.ts[2m > [22mCLI errors[2m > [22mexits 
if a stage throws
[31m[1mAssertionError[22m: expected "error" to be called at least once[39m
[36m [2mΓ¥»[22m test/cli.test.ts:[2m334:22[22m[39m
    [90m332| [39m
    [90m333| [39m    // New logger format outputs a single formatted string: 
"YYYY-MM-DΓÇª
    [90m334| [39m    
[34mexpect[39m(spyError)[33m.[39m[34mtoHaveBeenCalled[39m()[33m;[39m
    [90m   | [39m                     [31m^[39m
    [90m335| [39m    [35mconst[39m firstCall [33m=[39m (spyError 
[35mas[39m any)[33m.[39mmock[33m.[39mcalls[[34m0[39m][33m;[39m
    [90m336| [39m    [35mconst[39m logMessage [33m=[39m 
firstCall[[34m0[39m][33m;[39m

[31m[2mΓÄ»ΓÄ»ΓÄ»ΓÄ»ΓÄ»ΓÄ»ΓÄ»ΓÄ»ΓÄ»ΓÄ»ΓÄ»ΓÄ»ΓÄ»ΓÄ»ΓÄ»ΓÄ»ΓÄ»ΓÄ»ΓÄ»ΓÄ»ΓÄ»ΓÄ»ΓÄ»ΓÄ»[
4/5]ΓÄ»[22m[39m

[41m[1m FAIL [22m[49m test/extractors/builtin/component-detection.test.ts[2m 
> [22mcomponent detection[2m > [22mshould extract component from @component tag
[31m[1mError[22m: Test timed out in 10000ms.
If this is a long-running test, pass a timeout value as the last argument or 
configure it globally with "testTimeout".[39m
[36m [2mΓ¥»[22m 
test/extractors/builtin/component-detection.test.ts:[2m25:3[22m[39m
    [90m 23| [39m  })[33m;[39m
    [90m 24| [39m
    [90m 25| [39m  [34mit[39m([32m'should extract component from @component 
tag'[39m[33m,[39m [35masync[39m () [33m=>[39m {
    [90m   | [39m  [31m^[39m
    [90m 26| [39m    [35mconst[39m testFile [33m=[39m 
[34mjoin[39m(testDir[33m,[39m [32m'payment.ts'[39m)[33m;[39m
    [90m 27| [39m    [34mwriteFileSync[39m(

[31m[2mΓÄ»ΓÄ»ΓÄ»ΓÄ»ΓÄ»ΓÄ»ΓÄ»ΓÄ»ΓÄ»ΓÄ»ΓÄ»ΓÄ»ΓÄ»ΓÄ»ΓÄ»ΓÄ»ΓÄ»ΓÄ»ΓÄ»ΓÄ»ΓÄ»ΓÄ»ΓÄ»ΓÄ»[
5/5]ΓÄ»[22m[39m


[2m Test Files [22m [1m[31m2 failed[39m[22m[2m | [22m[1m[32m26 passed[39m[22m[90m (28)[39m
[2m      Tests [22m [1m[31m5 failed[39m[22m[2m | [22m[1m[32m321 passed[39m[22m[90m (326)[39m
[2m   Start at [22m 04:57:46
[2m   Duration [22m 31.58s[2m (transform 2.89s, setup 0ms, collect 14.62s, tests 83.83s, environment 15ms, prepare 10.85s)[22m

